// Jest Snapshot v1, https://goo.gl/fbAQLP

exports[`Podcasts state Podcasts Provider 1`] = `
<ContextProvider
  value={
    Object {
      "dispatch": [Function],
      "state": Object {
        "isFirstStart": true,
        "isLoading": false,
        "lastUpdatedDate": null,
        "podcasts": Array [],
      },
    }
  }
>
  <div
    className="test-class"
  />
</ContextProvider>
`;
